AMEX:SPY rth=733.34 pm=732.63
NASDAQ:QQQ rth=715.84 pm=714.93
AMEX:IWM rth=298.85 pm=298.42
TVC:VIX rth=19.07 pm=18.88
BLACKBULL:WTI rth=71.875 pm=71.345
NASDAQ:RKLB rth=80.66 pm=82.78
NASDAQ:HOOD rth=93.41 pm=93.14
NASDAQ:INTC rth=132.93 pm=131.84
NASDAQ:NVDA rth=195.77 pm=194.74
NASDAQ:AMZN rth=227.11 pm=226.6
NASDAQ:AAPL rth=275.205 pm=276.3
NASDAQ:GOOGL rth=343.61 pm=342.71
NASDAQ:CRWV rth=98.74 pm=99
NASDAQ:MRNA rth=59.73 pm=59.74
NYSE:TSM rth=434.99 pm=435.99
NYSE:IONQ rth=50.6 pm=50.39
NYSE:TWLO rth=190.935 pm=193.1
NYSE:NOW rth=89.49 pm=89.915
NASDAQ:TSLA rth=374.96 pm=374.35
NASDAQ:SPCX rth=152.86 pm=152.8
NYSE:UNH rth=415.73 pm=416.07
NYSE:LLY rth=1128.63 pm=1133
NASDAQ:CRDO rth=268.43 pm=267.49
NASDAQ:NTAP rth=154.46 pm=-
NASDAQ:GH rth=142.855 pm=143.85
NASDAQ:NBIS rth=256.63 pm=256.17
NASDAQ:ADBE rth=193.41 pm=194.36
NASDAQ:CRWD rth=733.34 pm=732.63
NYSE:ORCL rth=715.84 pm=714.93
NASDAQ:IREN rth=298.85 pm=298.42
NYSE:RDW rth=19.07 pm=18.88
NYSE:BE rth=71.875 pm=71.345
NASDAQ:ASTS rth=93.41 pm=93.14
NASDAQ:AVGO rth=50.6 pm=50.39
NASDAQ:MRVL rth=58.19 pm=58.305
NASDAQ:PLTR rth=74.725 pm=74.8
NYSE:CRCL rth=335.29 pm=337
NYSE:DOCN rth=132.93 pm=131.84
NASDAQ:SMCI rth=80.66 pm=82.78
NASDAQ:APLD rth=7.33 pm=7.34
NYSE:JPM rth=59.73 pm=59.74
NASDAQ:AFRM rth=195.77 pm=194.74
NASDAQ:MSFT rth=227.11 pm=226.6
AMEX:UMAC rth=275.205 pm=276.3
CBOE:SNXX rth=374.96 pm=374.35
CME_MINI:ES1! rth=152.86 pm=152.8
CME_MINI:NQ1! rth=- pm=29357.75
NASDAQ:AMD rth=89.49 pm=89.915
NASDAQ:BIDU rth=343.61 pm=342.71
NASDAQ:CIFR rth=434.99 pm=435.99
NASDAQ:CLSK rth=415.73 pm=416.07
NASDAQ:COIN rth=1128.63 pm=1133
NASDAQ:FLY rth=98.74 pm=99
NASDAQ:MU rth=309.08 pm=307.96
NASDAQ:RGTI rth=379.67 pm=379.02
NASDAQ:SNDK rth=107.3 pm=107.99
NASDAQ:UAL rth=68.825 pm=69.13
NASDAQ:VSAT rth=145.15 pm=145
NASDAQ:WDC rth=31.68 pm=31.51
NASDAQ:WULF rth=40.95 pm=40.84
NYSE:DELL rth=675.29 pm=673.37
NYSE:HPE rth=150.23 pm=150.76
NYSE:MP rth=26.5 pm=26.59
NYSE:NIO rth=55.58 pm=55.75
NYSE:OKLO rth=142.575 pm=143.25
NYSE:PL rth=542.84 pm=544.5
TVC:RUT rth=409.65 pm=406.55
TVC:SPX rth=204.735 pm=203.46
