AMEX:SPY rth=740.89 pm=740.76
NASDAQ:QQQ rth=723.98 pm=724.16
AMEX:IWM rth=298.93 pm=298.54
TVC:VIX rth=17.53 pm=17.66
BLACKBULL:WTI rth=70.335 pm=69.955
NASDAQ:RKLB rth=98.01 pm=101.16
NASDAQ:HOOD rth=101.82 pm=102.05
NASDAQ:INTC rth=131.77 pm=131.7
NASDAQ:NVDA rth=194.85 pm=195.12
NASDAQ:AMZN rth=240.135 pm=240.38
NASDAQ:AAPL rth=281.66 pm=281.3
NASDAQ:GOOGL rth=353.48 pm=353.05
NASDAQ:CRWV rth=95.51 pm=95.61
NASDAQ:MRNA rth=69.7 pm=69.69
NYSE:TSM rth=455.27 pm=454.3
NYSE:IONQ rth=53.87 pm=53.815
NYSE:TWLO rth=198.68 pm=198.88
NYSE:NOW rth=99.95 pm=100.45
NASDAQ:TSLA rth=411.59 pm=408.975
NASDAQ:SPCX rth=164.21 pm=163.33
NYSE:UNH rth=419.61 pm=419.04
NYSE:LLY rth=1228.92 pm=1230.03
NASDAQ:CRDO rth=245.96 pm=244.85
NASDAQ:NTAP rth=155.06 pm=155.1
NASDAQ:GH rth=153.7 pm=153
NASDAQ:NBIS rth=261.37 pm=263.04
NASDAQ:ADBE rth=206.535 pm=206.44
NASDAQ:CRWD rth=742.62 pm=745
NYSE:ORCL rth=147.83 pm=148.53
NASDAQ:IREN rth=45.89 pm=46.22
NYSE:RDW rth=11.7 pm=12.02
NYSE:BE rth=275.03 pm=276.5
NASDAQ:ASTS rth=86.71 pm=87.2
NASDAQ:AVGO rth=372.35 pm=372.88
NASDAQ:MRVL rth=277.88 pm=276.25
NASDAQ:PLTR rth=115.65 pm=116.71
NYSE:CRCL rth=75.99 pm=76
NYSE:DOCN rth=149.26 pm=150.76
NASDAQ:SMCI rth=28.135 pm=28.55
NASDAQ:APLD rth=37.785 pm=37.895
NYSE:JPM rth=329.39 pm=329.09
NASDAQ:AFRM rth=81.79 pm=82.07
NASDAQ:MSFT rth=368.5 pm=371.3
AMEX:UMAC rth=19.25 pm=19.76
CBOE:SNXX rth=34.715 pm=35.01
CME_MINI:ES1! rth=7497 pm=7495.5
CME_MINI:NQ1! rth=30046.25 pm=30041
NASDAQ:AMD rth=539.52 pm=540.02
NASDAQ:BIDU rth=112.14 pm=114
NASDAQ:CIFR rth=24.82 pm=24.9
NASDAQ:CLSK rth=15.35 pm=15.41
NASDAQ:COIN rth=151.63 pm=151.36
NASDAQ:FLY rth=29.04 pm=29.48
NASDAQ:MCHP rth=89.11 pm=89
NASDAQ:META rth=562.46 pm=563.74
NASDAQ:MU rth=1145.705 pm=1138.06
NASDAQ:OUST rth=54.04 pm=53.31
NASDAQ:QCOM rth=188.74 pm=189.06
NASDAQ:RGTI rth=19.425 pm=19.41
NASDAQ:SNDK rth=2051.04 pm=2060
NASDAQ:UAL rth=135.16 pm=135.2
NASDAQ:VSAT rth=76.72 pm=76.79
NASDAQ:WDC rth=651.84 pm=648.18
NASDAQ:WULF rth=25.58 pm=25.5
NYSE:CRM rth=157.96 pm=158.39
NYSE:DELL rth=414.25 pm=414.46
NYSE:HPE rth=44.425 pm=44.46
NYSE:MP rth=54.74 pm=54.97
NYSE:NIO rth=4.955 pm=4.96
NYSE:OKLO rth=52.77 pm=52.91
NYSE:PL rth=31.265 pm=31.49
TVC:RUT rth=3010.6625 pm=3010.4168
TVC:SPX rth=7439.25 pm=7440.44
BATS:BTDR rth=15.84 pm=16.02
